
> agno-portal@0.1.0 build
> next build

Γû▓ Next.js 16.1.6 (Turbopack)
- Environments: .env
- Experiments (use with caution):
  ┬╖ serverActions

  Creating an optimized production build ...
Γ£ô Compiled successfully in 11.7s
  Running TypeScript ...
node.exe : Failed to compile.
At line:1 char:1
+ & "C:\Program Files\nodejs/node.exe" "C:\Program Files\nodejs/node_mo ...
+ ~~~~~~~~~~~~~~~~~~~~~~~~~~~~~~~~~~~~~~~~~~~~~~~~~~~~~~~~~~~~~~~~~~~~~
    + CategoryInfo          : NotSpecified: (Failed to compile.:String) [], RemoteException
    + FullyQualifiedErrorId : NativeCommandError
 

./app/admin/projects/components/AddProjectModal.tsx:199:41
Type error: Type 'string | null | undefined' is not assignable to type 'string | number | readonly string[] | 
undefined'.
  Type 'null' is not assignable to type 'string | number | readonly string[] | undefined'.

[0m [90m 197 |[39m                                         name[33m=[39m[32m"location"[39m
 [90m 198 |[39m                                         required
[31m[1m>[22m[39m[90m 199 |[39m                                         
defaultValue[33m=[39m{editingData[33m?[39m[33m.[39mlocation}
 [90m     |[39m                                         [31m[1m^[22m[39m
 [90m 200 |[39m                                         placeholder[33m=[39m[32m"Where is this project 
located?"[39m
 [90m 201 |[39m                                         className[33m=[39m[32m"h-12 bg-slate-50 
dark:bg-[#1a1f2e] border-slate-200 dark:border-[#2a3040]"[39m
 [90m 202 |[39m                                     [33m/[39m[33m>[39m[0m
Next.js build worker exited with code: 1 and signal: null
