app/admin/services/actions.ts(3,20): error TS2307: Cannot find module '@/lib/db/prisma' or its corresponding type declarations.
app/admin/services/actions.ts(6,29): error TS2307: Cannot find module '@/lib/auth' or its corresponding type declarations.
app/admin/services/page.tsx(2,29): error TS2307: Cannot find module '@/lib/auth' or its corresponding type declarations.
app/admin/services/page.tsx(4,36): error TS2307: Cannot find module '@/app/admin/services/components/BrgyServicesClient' or its corresponding type declarations.
app/admin/services/page.tsx(17,9): error TS17004: Cannot use JSX unless the '--jsx' flag is provided.
app/admin/services/page.tsx(18,13): error TS17004: Cannot use JSX unless the '--jsx' flag is provided.
app/admin/services/page.tsx(19,17): error TS17004: Cannot use JSX unless the '--jsx' flag is provided.
app/admin/services/page.tsx(20,17): error TS17004: Cannot use JSX unless the '--jsx' flag is provided.
app/admin/services/page.tsx(25,13): error TS17004: Cannot use JSX unless the '--jsx' flag is provided.
node_modules/@types/webgl-ext/index.d.ts(53,11): error TS2717: Subsequent property declarations must have the same type.  Property 'RGBA16F_EXT' must be of type '34842', but here has type 'number'.
node_modules/@types/webgl-ext/index.d.ts(54,11): error TS2717: Subsequent property declarations must have the same type.  Property 'RGB16F_EXT' must be of type '34843', but here has type 'number'.
node_modules/@types/webgl-ext/index.d.ts(55,11): error TS2717: Subsequent property declarations must have the same type.  Property 'FRAMEBUFFER_ATTACHMENT_COMPONENT_TYPE_EXT' must be of type '33297', but here has type 'number'.
node_modules/@types/webgl-ext/index.d.ts(56,11): error TS2717: Subsequent property declarations must have the same type.  Property 'UNSIGNED_NORMALIZED_EXT' must be of type '35863', but here has type 'number'.
node_modules/@types/webgl-ext/index.d.ts(74,11): error TS2717: Subsequent property declarations must have the same type.  Property 'COMPRESSED_RGB_ETC1_WEBGL' must be of type '36196', but here has type 'number'.
node_modules/@types/webgl2/index.d.ts(582,13): error TS2403: Subsequent variable declarations must have the same type.  Variable 'WebGL2RenderingContext' must be of type '{ new (): WebGL2RenderingContext; prototype: WebGL2RenderingContext; readonly READ_BUFFER: 3074; readonly UNPACK_ROW_LENGTH: 3314; ... 556 more ...; readonly BROWSER_DEFAULT_WEBGL: 37444; }', but here has type '{ new (): WebGL2RenderingContext; prototype: WebGL2RenderingContext; readonly ACTIVE_ATTRIBUTES: number; readonly ACTIVE_TEXTURE: number; ... 557 more ...; readonly MAX_CLIENT_WAIT_TIMEOUT_WEBGL: number; }'.
node_modules/next-auth/adapters.d.ts(2,47): error TS2307: Cannot find module '@auth/core/adapters' or its corresponding type declarations.
node_modules/next-auth/core/lib/cookie.d.ts(31,5): error TS18028: Private identifiers are only available when targeting ECMAScript 2015 and higher.
node_modules/next/dist/build/webpack/loaders/next-app-loader/index.d.ts(1,13): error TS2613: Module '"next/dist/compiled/webpack/webpack"' has no default export. Did you mean to use 'import { webpack } from "next/dist/compiled/webpack/webpack"' instead?
node_modules/next/dist/client/components/error-boundary.d.ts(1,8): error TS1259: Module '"C:/Website Project/agno-portal/node_modules/@types/react/index"' can only be default-imported using the 'esModuleInterop' flag
node_modules/next/dist/client/components/http-access-fallback/error-boundary.d.ts(11,8): error TS1259: Module '"C:/Website Project/agno-portal/node_modules/@types/react/index"' can only be default-imported using the 'esModuleInterop' flag
node_modules/next/dist/client/components/layout-router.d.ts(2,8): error TS1259: Module '"C:/Website Project/agno-portal/node_modules/@types/react/index"' can only be default-imported using the 'esModuleInterop' flag
node_modules/next/dist/client/image-component.d.ts(1,8): error TS1259: Module '"C:/Website Project/agno-portal/node_modules/@types/react/index"' can only be default-imported using the 'esModuleInterop' flag
node_modules/next/dist/client/link.d.ts(1,8): error TS1259: Module '"C:/Website Project/agno-portal/node_modules/@types/react/index"' can only be default-imported using the 'esModuleInterop' flag
node_modules/next/dist/client/script.d.ts(1,8): error TS1259: Module '"C:/Website Project/agno-portal/node_modules/@types/react/index"' can only be default-imported using the 'esModuleInterop' flag
node_modules/next/dist/client/with-router.d.ts(1,8): error TS1259: Module '"C:/Website Project/agno-portal/node_modules/@types/react/index"' can only be default-imported using the 'esModuleInterop' flag
node_modules/next/dist/lib/metadata/metadata.d.ts(1,8): error TS1259: Module '"C:/Website Project/agno-portal/node_modules/@types/react/index"' can only be default-imported using the 'esModuleInterop' flag
node_modules/next/dist/next-devtools/userspace/pages/pages-dev-overlay-setup.d.ts(1,8): error TS1259: Module '"C:/Website Project/agno-portal/node_modules/@types/react/index"' can only be default-imported using the 'esModuleInterop' flag
node_modules/next/dist/pages/_app.d.ts(1,8): error TS1259: Module '"C:/Website Project/agno-portal/node_modules/@types/react/index"' can only be default-imported using the 'esModuleInterop' flag
node_modules/next/dist/pages/_document.d.ts(1,8): error TS1259: Module '"C:/Website Project/agno-portal/node_modules/@types/react/index"' can only be default-imported using the 'esModuleInterop' flag
node_modules/next/dist/pages/_error.d.ts(1,8): error TS1259: Module '"C:/Website Project/agno-portal/node_modules/@types/react/index"' can only be default-imported using the 'esModuleInterop' flag
node_modules/next/dist/server/app-render/types.d.ts(10,8): error TS1192: Module '"next/dist/compiled/superstruct"' has no default export.
node_modules/next/dist/server/web/spec-extension/adapters/headers.d.ts(39,16): error TS2304: Cannot find name 'HeadersIterator'.
node_modules/next/dist/server/web/spec-extension/adapters/headers.d.ts(40,13): error TS2304: Cannot find name 'HeadersIterator'.
node_modules/next/dist/server/web/spec-extension/adapters/headers.d.ts(41,15): error TS2304: Cannot find name 'HeadersIterator'.
node_modules/next/dist/server/web/spec-extension/adapters/headers.d.ts(42,26): error TS2304: Cannot find name 'HeadersIterator'.
node_modules/next/dist/shared/lib/app-router-context.shared-runtime.d.ts(4,8): error TS1259: Module '"C:/Website Project/agno-portal/node_modules/@types/react/index"' can only be default-imported using the 'esModuleInterop' flag
node_modules/next/dist/shared/lib/app-router-types.d.ts(7,13): error TS1259: Module '"C:/Website Project/agno-portal/node_modules/@types/react/index"' can only be default-imported using the 'esModuleInterop' flag
node_modules/next/dist/shared/lib/dynamic.d.ts(1,8): error TS1259: Module '"C:/Website Project/agno-portal/node_modules/@types/react/index"' can only be default-imported using the 'esModuleInterop' flag
node_modules/next/dist/shared/lib/head-manager-context.shared-runtime.d.ts(1,8): error TS1259: Module '"C:/Website Project/agno-portal/node_modules/@types/react/index"' can only be default-imported using the 'esModuleInterop' flag
node_modules/next/dist/shared/lib/head.d.ts(1,8): error TS1259: Module '"C:/Website Project/agno-portal/node_modules/@types/react/index"' can only be default-imported using the 'esModuleInterop' flag
node_modules/next/dist/shared/lib/image-config-context.shared-runtime.d.ts(1,8): error TS1259: Module '"C:/Website Project/agno-portal/node_modules/@types/react/index"' can only be default-imported using the 'esModuleInterop' flag
node_modules/next/dist/shared/lib/loadable-context.shared-runtime.d.ts(1,8): error TS1259: Module '"C:/Website Project/agno-portal/node_modules/@types/react/index"' can only be default-imported using the 'esModuleInterop' flag
node_modules/next/dist/shared/lib/loadable.shared-runtime.d.ts(21,8): error TS1259: Module '"C:/Website Project/agno-portal/node_modules/@types/react/index"' can only be default-imported using the 'esModuleInterop' flag
node_modules/next/dist/shared/lib/router-context.shared-runtime.d.ts(1,8): error TS1259: Module '"C:/Website Project/agno-portal/node_modules/@types/react/index"' can only be default-imported using the 'esModuleInterop' flag
node_modules/next/dist/shared/lib/server-inserted-html.shared-runtime.d.ts(1,8): error TS1259: Module '"C:/Website Project/agno-portal/node_modules/@types/react/index"' can only be default-imported using the 'esModuleInterop' flag
node_modules/next/dist/shared/lib/utils.d.ts(10,13): error TS1192: Module '"fs"' has no default export.
node_modules/next/dist/styled-jsx/types/global.d.ts(1,8): error TS1259: Module '"C:/Website Project/agno-portal/node_modules/@types/react/index"' can only be default-imported using the 'esModuleInterop' flag
node_modules/typescript/lib/lib.dom.d.ts(33804,11): error TS2430: Interface 'WebGL2RenderingContext' incorrectly extends interface 'WebGL2RenderingContextBase'.
  Types of property 'READ_BUFFER' are incompatible.
    Type 'number' is not assignable to type '3074'.
node_modules/typescript/lib/lib.dom.d.ts(33804,11): error TS2430: Interface 'WebGL2RenderingContext' incorrectly extends interface 'WebGLRenderingContext'.
  Types of property 'RGBA8' are incompatible.
    Type 'number' is not assignable to type '32856'.
node_modules/typescript/lib/lib.dom.d.ts(33804,11): error TS2430: Interface 'WebGL2RenderingContext' incorrectly extends interface 'WebGLRenderingContextBase'.
  Types of property 'RGBA8' are incompatible.
    Type 'number' is not assignable to type '32856'.
